// Jest Snapshot v1, https://goo.gl/fbAQLP

exports[`renders 1`] = `
Object {
  "$el": "<menu><div class=\\"PlayerControl-group\\"><button title=\\"Mute on/off\\" class=\\"Btn Btn--mute\\"><span></span></button></div><div class=\\"PlayerControl-group\\"><button title=\\"Shuffle on/off\\" class=\\"Btn Btn--shuffle is-active\\"><span>‚Üù</span></button></div><div class=\\"PlayerControl-group PlayerControl-group--large\\"><div class=\\"PlayPause Btn\\"><input type=\\"checkbox\\" id=\\"id1\\" class=\\"PlayPause-state\\"><label for=\\"id1\\" title=\\"Toggle playback\\" class=\\"PlayPause-label\\"><div class=\\"PlayPause-controller\\"></div></label></div></div><div class=\\"PlayerControl-group PlayerControl-group--large\\"><button title=\\"Next track\\" class=\\"Btn\\">Next</button></div></menu>",
}
`;
