// Jest Snapshot v1, https://goo.gl/fbAQLP

exports[`renders 1`] = `
Object {
  "$el": "<div id=\\"YoutubePlayer\\"><div class=\\"Ratio\\"></div><div class=\\"ytplayer\\"></div></div>",
}
`;
